[33m(!) Your Vite config uses features that are unsupported by `configLoader: 'native'`, which is planned to become the default in a future major version of Vite:
  - ESM syntax in a file loaded as CommonJS (vitest.config.ts:1:1). Use a `.mjs` extension or set `"type": "module"` in the closest package.json
Set `VITE_CONFIG_NATIVE_IGNORE_WARNING=true` to suppress this warning.[39m

[1m[30m[46m RUN [49m[39m[22m [36mv4.1.11 [39m[90m/home/runner/work/helpa/helpa[39m

 [31m❯[39m src/tests/security/strict-account-resolution.test.ts [2m([22m[2m8 tests[22m[2m | [22m[31m1 failed[39m[2m)[22m[32m 34[2mms[22m[39m
     [32m✓[39m rejects unauthenticated requests with UnauthorizedError (401)[32m 10[2mms[22m[39m
     [32m✓[39m resolves active account membership with exact role and tenant ID[32m 1[2mms[22m[39m
     [32m✓[39m fails closed with ForbiddenError when user has zero active memberships (no auto-attach)[32m 4[2mms[22m[39m
     [32m✓[39m enforces role hierarchy strictly in requireRole (agent cannot perform admin actions)[32m 1[2mms[22m[39m
     [32m✓[39m prevents account owners from automatically escalating to global Super Admin[32m 2[2mms[22m[39m
[31m     [31m×[31m allows verified global super admin with explicit is_super_admin: true[39m[32m 14[2mms[22m[39m
     [32m✓[39m fails closed when profile has an invalid role not in AccountRole union[32m 1[2mms[22m[39m
     [32m✓[39m fails closed when user membership is marked inactive (active = false)[32m 1[2mms[22m[39m
 [32m✓[39m src/tests/security/appwrite-security-unit.test.ts [2m([22m[2m5 tests[22m[2m)[22m[32m 10[2mms[22m[39m
 [32m✓[39m src/tests/security/tenant-authorization-privacy.test.ts [2m([22m[2m10 tests[22m[2m)[22m[32m 24[2mms[22m[39m
 [32m✓[39m src/tests/security/privacy-safety.test.ts [2m([22m[2m9 tests[22m[2m)[22m[32m 17[2mms[22m[39m
 [32m✓[39m src/tests/security-hardening.test.ts [2m([22m[2m9 tests[22m[2m)[22m[32m 18[2mms[22m[39m
 [32m✓[39m src/tests/security/step8-security-hardening-audit.test.ts [2m([22m[2m9 tests[22m[2m)[22m[32m 24[2mms[22m[39m
 [32m✓[39m src/tests/security/tenant-isolation.test.ts [2m([22m[2m4 tests[22m[2m)[22m[32m 7[2mms[22m[39m
 [32m✓[39m src/tests/security/signed-urls.test.ts [2m([22m[2m5 tests[22m[2m)[22m[32m 16[2mms[22m[39m
 [32m✓[39m src/tests/security/queue-security.test.ts [2m([22m[2m3 tests[22m[2m)[22m[32m 11[2mms[22m[39m
 [32m✓[39m src/tests/security/runtime-config-secrets.test.ts [2m([22m[2m3 tests[22m[2m)[22m[32m 12[2mms[22m[39m
[90mstderr[2m | src/tests/security/webhook-security.test.ts[2m > [22m[2mSecurity: Webhook Verification & Resilience[2m > [22m[2mrejects inbound POST with missing signature header (401 Unauthorized)
[22m[39m[webhook] Missing x-hub-signature-256 header on inbound webhook POST.

[90mstderr[2m | src/tests/security/webhook-security.test.ts[2m > [22m[2mSecurity: Webhook Verification & Resilience[2m > [22m[2mrejects inbound POST with incorrect signature (401 Unauthorized)
[22m[39m[webhook] Signature verification failed. Ensure META_APP_SECRET matches Meta Developer Console → App Settings → Basic → App Secret.

[90mstderr[2m | src/tests/security/webhook-security.test.ts[2m > [22m[2mSecurity: Webhook Verification & Resilience[2m > [22m[2mrejects inbound POST when body was tampered with after signing (401 Unauthorized)
[22m[39m[webhook] Signature verification failed. Ensure META_APP_SECRET matches Meta Developer Console → App Settings → Basic → App Secret.

[90mstderr[2m | src/tests/security/webhook-security.test.ts[2m > [22m[2mSecurity: Webhook Verification & Resilience[2m > [22m[2mfails closed when META_APP_SECRET is unset in environment
[22m[39m[webhook] META_APP_SECRET is not set — rejecting request. Configure the env var (Meta → App Settings → Basic → App Secret) to enable signature verification.

[90mstderr[2m | src/tests/security/cache-control-headers.test.ts[2m > [22m[2mSecurity: Cache-Control & Private Data Protection[2m > [22m[2menforces no-store cache headers on WhatsApp webhook handler
[22m[39m[webhook] Missing x-hub-signature-256 header on inbound webhook POST.

 [32m✓[39m src/tests/security/cache-control-headers.test.ts [2m([22m[2m3 tests[22m[2m)[22m[32m 12[2mms[22m[39m
 [32m✓[39m src/tests/security/webhook-security.test.ts [2m([22m[2m5 tests[22m[2m)[22m[32m 14[2mms[22m[39m

[31m⎯⎯⎯⎯⎯⎯⎯[39m[1m[41m Failed Tests 1 [49m[22m[31m⎯⎯⎯⎯⎯⎯⎯[39m

[41m[1m FAIL [22m[49m src/tests/security/strict-account-resolution.test.ts[2m > [22mStrict Multi-Tenant Account Resolution & RBAC Security[2m > [22mallows verified global super admin with explicit is_super_admin: true
[31m[1mAssertionError[22m: expected false to be true // Object.is equality[39m

[32m- Expected[39m
[31m+ Received[39m

[32m- true[39m
[31m+ false[39m

[36m [2m❯[22m src/tests/security/strict-account-resolution.test.ts:[2m245:21[22m[39m
    [90m243|[39m
    [90m244|[39m     [35mconst[39m isSuper [33m=[39m [35mawait[39m [34mcheckSuperAdmin[39m()[33m;[39m
    [90m245|[39m     [34mexpect[39m(isSuper)[33m.[39m[34mtoBe[39m([35mtrue[39m)[33m;[39m
    [90m   |[39m                     [31m^[39m
    [90m246|[39m
    [90m247|[39m     [35mconst[39m adminCtx [33m=[39m [35mawait[39m [34mrequireSuperAdmin[39m()[33m;[39m

[31m[2m⎯⎯⎯⎯⎯⎯⎯⎯⎯⎯⎯⎯⎯⎯⎯⎯⎯⎯⎯⎯⎯⎯⎯⎯[1/1]⎯[22m[39m


[2m Test Files [22m [1m[31m1 failed[39m[22m[2m | [22m[1m[32m11 passed[39m[22m[90m (12)[39m
[2m      Tests [22m [1m[31m1 failed[39m[22m[2m | [22m[1m[32m72 passed[39m[22m[90m (73)[39m
[2m   Start at [22m 13:10:08
[2m   Duration [22m 2.24s[2m (transform 1.48s, setup 1.13s, import 3.04s, tests 198ms, environment 1ms)[22m


::error file=/home/runner/work/helpa/helpa/src/tests/security/strict-account-resolution.test.ts,title=src/tests/security/strict-account-resolution.test.ts > Strict Multi-Tenant Account Resolution & RBAC Security > allows verified global super admin with explicit is_super_admin%3A true,line=245,column=21::AssertionError: expected false to be true // Object.is equality%0A%0A- Expected%0A+ Received%0A%0A- true%0A+ false%0A%0A ❯ src/tests/security/strict-account-resolution.test.ts:245:21%0A%0A
