
> helpa@0.3.0 test:e2e
> playwright test


Running 36 tests using 1 worker

  ✓   1 [chromium] › e2e/authenticated-clinic-workflows.spec.ts:4:7 › E2E: Authenticated Clinic & Patient Workflows › validates required fields on patient registration / login flows (1.5s)
  ✓   2 [chromium] › e2e/authenticated-clinic-workflows.spec.ts:17:7 › E2E: Authenticated Clinic & Patient Workflows › prevents appointment creation with invalid credentials or missing doctor (1.7s)
  ✓   3 [chromium] › e2e/authenticated-clinic-workflows.spec.ts:34:7 › E2E: Authenticated Clinic & Patient Workflows › verifies appointment OPD ticket PDF endpoint rejects unauthorized direct access (7.1s)
  ✓   4 [chromium] › e2e/authenticated-clinic-workflows.spec.ts:42:7 › E2E: Authenticated Clinic & Patient Workflows › verifies WhatsApp settings API rejects unauthenticated mutations honestly (17ms)
  ✓   5 [chromium] › e2e/authenticated-clinic-workflows.spec.ts:57:7 › E2E: Authenticated Clinic & Patient Workflows › verifies WhatsApp send route rejects missing authentication without fake success (8ms)
  ✓   6 [chromium] › e2e/authenticated-clinic-workflows.spec.ts:69:7 › E2E: Authenticated Clinic & Patient Workflows › verifies WhatsApp send route idempotency conflict rejection on different payloads (7ms)
  ✓   7 [chromium] › e2e/authenticated-clinic-workflows.spec.ts:85:7 › E2E: Authenticated Clinic & Patient Workflows › verifies conversations API fails closed on unauthenticated request without infinite spinner (8ms)
  ✓   8 [chromium] › e2e/authenticated-clinic-workflows.spec.ts:94:7 › E2E: Authenticated Clinic & Patient Workflows › verifies patient export API rejects unauthenticated direct access (8ms)
  ✓   9 [chromium] › e2e/authenticated-clinic-workflows.spec.ts:101:7 › E2E: Authenticated Clinic & Patient Workflows › verifies settings overview API fails closed with 401 on unauthenticated access (6ms)
  ✓  10 [chromium] › e2e/authenticated-clinic-workflows.spec.ts:108:7 › E2E: Authenticated Clinic & Patient Workflows › verifies account settings mutation API fails closed with 401 on unauthenticated access (7ms)
  ✓  11 [chromium] › e2e/authenticated-clinic-workflows.spec.ts:117:7 › E2E: Authenticated Clinic & Patient Workflows › verifies profile update API fails closed with 401 on unauthenticated access (7ms)
  ✓  12 [chromium] › e2e/inbox-workflows.spec.ts:4:7 › E2E: Inbox Conversations & Tenant Boundaries › verifies unauthenticated /api/inbox/conversations returns 401 Unauthorized (9ms)
  ✓  13 [chromium] › e2e/inbox-workflows.spec.ts:13:7 › E2E: Inbox Conversations & Tenant Boundaries › verifies unauthenticated /api/inbox/conversations/:id returns 401 Unauthorized (6ms)
  ✓  14 [chromium] › e2e/inbox-workflows.spec.ts:20:7 › E2E: Inbox Conversations & Tenant Boundaries › verifies unauthenticated /api/inbox/conversations/:id/messages returns 401 Unauthorized (6ms)
  ✓  15 [chromium] › e2e/inbox-workflows.spec.ts:29:7 › E2E: Inbox Conversations & Tenant Boundaries › verifies unauthenticated PATCH /api/inbox/conversations/:id returns 401 Unauthorized (6ms)
  ✓  16 [chromium] › e2e/inbox-workflows.spec.ts:38:7 › E2E: Inbox Conversations & Tenant Boundaries › verifies unauthenticated user navigating to /inbox is redirected to login (838ms)
  ✓  17 [chromium] › e2e/lead-kanban.spec.ts:4:7 › E2E: Helpa Premium Lead Kanban & Drawer Workflow › opens lead pipeline or redirects safely for unauthenticated users (819ms)
  ✘  18 [chromium] › e2e/mobile-viewport.spec.ts:6:7 › E2E: Mobile Viewport & Responsive Accessibility › landing page renders cleanly at 375px mobile viewport without horizontal overflow (5.4s)
  ✘  19 [chromium] › e2e/mobile-viewport.spec.ts:6:7 › E2E: Mobile Viewport & Responsive Accessibility › landing page renders cleanly at 375px mobile viewport without horizontal overflow (retry #1) (5.7s)
  ✓  20 [chromium] › e2e/mobile-viewport.spec.ts:24:7 › E2E: Mobile Viewport & Responsive Accessibility › login page adapts cleanly to mobile viewport (720ms)
  ✘  21 [chromium] › e2e/public-and-auth.spec.ts:4:7 › E2E: Public Routes & Authentication Protection › landing page loads with clinic branding and navigation affordances (5.5s)
  ✘  22 [chromium] › e2e/public-and-auth.spec.ts:4:7 › E2E: Public Routes & Authentication Protection › landing page loads with clinic branding and navigation affordances (retry #1) (5.9s)
  ✓  23 [chromium] › e2e/public-and-auth.spec.ts:21:7 › E2E: Public Routes & Authentication Protection › login page contains standard credential fields and submit button (990ms)
  ✓  24 [chromium] › e2e/public-and-auth.spec.ts:38:7 › E2E: Public Routes & Authentication Protection › public legal and compliance pages are accessible without authentication (581ms)
  ✓  25 [chromium] › e2e/public-and-auth.spec.ts:48:7 › E2E: Public Routes & Authentication Protection › unauthenticated visitors attempting to access private routes are redirected to login (2.2s)
  ✓  26 [chromium] › e2e/public-and-auth.spec.ts:65:7 › E2E: Public Routes & Authentication Protection › public health status endpoint returns 200 OK and JSON status (34ms)
  ✓  27 [chromium] › e2e/security-and-session.spec.ts:4:7 › E2E: Production Security, Secret Leakage & Session Protection › landing page and login page do not expose service-role secrets in client HTML or script tags (878ms)
  ✓  28 [chromium] › e2e/security-and-session.spec.ts:23:7 › E2E: Production Security, Secret Leakage & Session Protection › rejects forged account ID in cookies or headers when accessing settings (21ms)
  ✓  29 [chromium] › e2e/security-and-session.spec.ts:37:7 › E2E: Production Security, Secret Leakage & Session Protection › rejects unauthenticated outbound WhatsApp message creation without credentials (9ms)
  ✓  30 [chromium] › e2e/security-and-session.spec.ts:50:7 › E2E: Production Security, Secret Leakage & Session Protection › validates that /api/health/live returns fast liveness status with no-store cache headers (10ms)
  ✓  31 [chromium] › e2e/security-headers-server.spec.ts:36:7 › E2E Server-Level Security & Cache-Control Headers › verifies public health status endpoint returns 200 with private no-store cache headers (10ms)
  ✓  32 [chromium] › e2e/security-headers-server.spec.ts:48:7 › E2E Server-Level Security & Cache-Control Headers › verifies unauthenticated access to private routes redirects safely without leaking patient content (156ms)
  ✓  33 [chromium] › e2e/security-headers-server.spec.ts:67:7 › E2E Server-Level Security & Cache-Control Headers › verifies unauthorized direct access to signed PDF endpoint fails closed with no-store headers (7.1s)
[WebServer] [webhook] Missing x-hub-signature-256 header on inbound webhook POST.
  ✓  34 [chromium] › e2e/security-headers-server.spec.ts:81:7 › E2E Server-Level Security & Cache-Control Headers › verifies unauthenticated WhatsApp webhook POST fails closed with 401 and no-store headers (44ms)
  ✓  35 [chromium] › e2e/team-roles-and-tenant-isolation.spec.ts:4:7 › E2E: Team Permissions & Multi-Tenant Boundary Isolation › unauthenticated API requests return 401 Unauthorized without data leakage (24ms)
  ✓  36 [chromium] › e2e/team-roles-and-tenant-isolation.spec.ts:29:7 › E2E: Team Permissions & Multi-Tenant Boundary Isolation › cross-account resource mutation fails closed (6ms)
  ✓  37 [chromium] › e2e/team-roles-and-tenant-isolation.spec.ts:41:7 › E2E: Team Permissions & Multi-Tenant Boundary Isolation › request body cannot escape tenant ownership on patient creation (6ms)
  ✓  38 [chromium] › e2e/team-roles-and-tenant-isolation.spec.ts:55:7 › E2E: Team Permissions & Multi-Tenant Boundary Isolation › unauthorized tenant message access and WhatsApp config are rejected (10ms)


  1) [chromium] › e2e/mobile-viewport.spec.ts:6:7 › E2E: Mobile Viewport & Responsive Accessibility › landing page renders cleanly at 375px mobile viewport without horizontal overflow 

    Error: expect(locator).toBeVisible() failed

    Locator: getByRole('link', { name: /start free|get started|open dashboard/i }).first()
    Expected: visible
    Timeout: 5000ms
    Error: element(s) not found

    Call log:
      - Expect "toBeVisible" with timeout 5000ms
      - waiting for getByRole('link', { name: /start free|get started|open dashboard/i }).first()


      14 |       .getByRole('link', { name: /start free|get started|open dashboard/i })
      15 |       .first();
    > 16 |     await expect(primaryCta).toBeVisible();
         |                              ^
      17 |
      18 |     // Check that horizontal scrolling does not occur on document body
      19 |     const bodyWidth = await page.evaluate(() => document.body.scrollWidth);
        at /home/runner/work/helpa/helpa/e2e/mobile-viewport.spec.ts:16:30

    attachment #1: screenshot (image/png) ──────────────────────────────────────────────────────────
    test-results/mobile-viewport-E2E-Mobile-3af00-without-horizontal-overflow-chromium/test-failed-1.png
    ────────────────────────────────────────────────────────────────────────────────────────────────

    attachment #2: video (video/webm) ──────────────────────────────────────────────────────────────
    test-results/mobile-viewport-E2E-Mobile-3af00-without-horizontal-overflow-chromium/video.webm
    ────────────────────────────────────────────────────────────────────────────────────────────────

    Error Context: test-results/mobile-viewport-E2E-Mobile-3af00-without-horizontal-overflow-chromium/error-context.md

    Retry #1 ───────────────────────────────────────────────────────────────────────────────────────

    Error: expect(locator).toBeVisible() failed

    Locator: getByRole('link', { name: /start free|get started|open dashboard/i }).first()
    Expected: visible
    Timeout: 5000ms
    Error: element(s) not found

    Call log:
      - Expect "toBeVisible" with timeout 5000ms
      - waiting for getByRole('link', { name: /start free|get started|open dashboard/i }).first()


      14 |       .getByRole('link', { name: /start free|get started|open dashboard/i })
      15 |       .first();
    > 16 |     await expect(primaryCta).toBeVisible();
         |                              ^
      17 |
      18 |     // Check that horizontal scrolling does not occur on document body
      19 |     const bodyWidth = await page.evaluate(() => document.body.scrollWidth);
        at /home/runner/work/helpa/helpa/e2e/mobile-viewport.spec.ts:16:30

    attachment #1: screenshot (image/png) ──────────────────────────────────────────────────────────
    test-results/mobile-viewport-E2E-Mobile-3af00-without-horizontal-overflow-chromium-retry1/test-failed-1.png
    ────────────────────────────────────────────────────────────────────────────────────────────────

    attachment #2: video (video/webm) ──────────────────────────────────────────────────────────────
    test-results/mobile-viewport-E2E-Mobile-3af00-without-horizontal-overflow-chromium-retry1/video.webm
    ────────────────────────────────────────────────────────────────────────────────────────────────

    Error Context: test-results/mobile-viewport-E2E-Mobile-3af00-without-horizontal-overflow-chromium-retry1/error-context.md

    attachment #4: trace (application/zip) ─────────────────────────────────────────────────────────
    test-results/mobile-viewport-E2E-Mobile-3af00-without-horizontal-overflow-chromium-retry1/trace.zip
    Usage:

        npx playwright show-trace test-results/mobile-viewport-E2E-Mobile-3af00-without-horizontal-overflow-chromium-retry1/trace.zip

    ────────────────────────────────────────────────────────────────────────────────────────────────

  2) [chromium] › e2e/public-and-auth.spec.ts:4:7 › E2E: Public Routes & Authentication Protection › landing page loads with clinic branding and navigation affordances 

    Error: expect(locator).toBeVisible() failed

    Locator: getByRole('link', { name: /start free|get started|open dashboard/i }).first()
    Expected: visible
    Timeout: 5000ms
    Error: element(s) not found

    Call log:
      - Expect "toBeVisible" with timeout 5000ms
      - waiting for getByRole('link', { name: /start free|get started|open dashboard/i }).first()


      12 |       .getByRole('link', { name: /start free|get started|open dashboard/i })
      13 |       .first();
    > 14 |     await expect(getStartedLink).toBeVisible();
         |                                  ^
      15 |
      16 |     // Verify presence of feature sections
      17 |     const mainHeading = page.getByRole('heading', { level: 1 });
        at /home/runner/work/helpa/helpa/e2e/public-and-auth.spec.ts:14:34

    attachment #1: screenshot (image/png) ──────────────────────────────────────────────────────────
    test-results/public-and-auth-E2E-Public-f86ea--and-navigation-affordances-chromium/test-failed-1.png
    ────────────────────────────────────────────────────────────────────────────────────────────────

    attachment #2: video (video/webm) ──────────────────────────────────────────────────────────────
    test-results/public-and-auth-E2E-Public-f86ea--and-navigation-affordances-chromium/video.webm
    ────────────────────────────────────────────────────────────────────────────────────────────────

    Error Context: test-results/public-and-auth-E2E-Public-f86ea--and-navigation-affordances-chromium/error-context.md

    Retry #1 ───────────────────────────────────────────────────────────────────────────────────────

    Error: expect(locator).toBeVisible() failed

    Locator: getByRole('link', { name: /start free|get started|open dashboard/i }).first()
    Expected: visible
    Timeout: 5000ms
    Error: element(s) not found

    Call log:
      - Expect "toBeVisible" with timeout 5000ms
      - waiting for getByRole('link', { name: /start free|get started|open dashboard/i }).first()


      12 |       .getByRole('link', { name: /start free|get started|open dashboard/i })
      13 |       .first();
    > 14 |     await expect(getStartedLink).toBeVisible();
         |                                  ^
      15 |
      16 |     // Verify presence of feature sections
      17 |     const mainHeading = page.getByRole('heading', { level: 1 });
        at /home/runner/work/helpa/helpa/e2e/public-and-auth.spec.ts:14:34

    attachment #1: screenshot (image/png) ──────────────────────────────────────────────────────────
    test-results/public-and-auth-E2E-Public-f86ea--and-navigation-affordances-chromium-retry1/test-failed-1.png
    ────────────────────────────────────────────────────────────────────────────────────────────────

    attachment #2: video (video/webm) ──────────────────────────────────────────────────────────────
    test-results/public-and-auth-E2E-Public-f86ea--and-navigation-affordances-chromium-retry1/video.webm
    ────────────────────────────────────────────────────────────────────────────────────────────────

    Error Context: test-results/public-and-auth-E2E-Public-f86ea--and-navigation-affordances-chromium-retry1/error-context.md

    attachment #4: trace (application/zip) ─────────────────────────────────────────────────────────
    test-results/public-and-auth-E2E-Public-f86ea--and-navigation-affordances-chromium-retry1/trace.zip
    Usage:

        npx playwright show-trace test-results/public-and-auth-E2E-Public-f86ea--and-navigation-affordances-chromium-retry1/trace.zip

    ────────────────────────────────────────────────────────────────────────────────────────────────

  2 failed
    [chromium] › e2e/mobile-viewport.spec.ts:6:7 › E2E: Mobile Viewport & Responsive Accessibility › landing page renders cleanly at 375px mobile viewport without horizontal overflow 
    [chromium] › e2e/public-and-auth.spec.ts:4:7 › E2E: Public Routes & Authentication Protection › landing page loads with clinic branding and navigation affordances 
  34 passed (52.8s)
exit_code=1
